LOAD 'pg_mooncake';
CREATE TABLE s (a int);
INSERT INTO s VALUES (1), (2), (3);
CREATE TABLE t AS SELECT * FROM s;
SELECT * FROM t;
 a 
---
 1
 2
 3
(3 rows)

DROP TABLE t;
CREATE TABLE t USING columnstore AS SELECT * FROM s;
ERROR:  CREATE TABLE AS USING columnstore is not supported
DROP TABLE s;
