CREATE TABLE s (a int, b int);
INSERT INTO s VALUES (1, 123), (1, 456);
CREATE TABLE t (c int, d int) USING columnstore;
INSERT INTO t VALUES (1, 0), (2, 0);
UPDATE t SET d = b FROM s WHERE c = a;
SELECT * FROM t ORDER BY c;
 c |  d  
---+-----
 1 | 123
 2 |   0
(2 rows)

DELETE FROM t USING s WHERE c = a;
SELECT * FROM t ORDER BY c;
 c | d 
---+---
 2 | 0
(1 row)

DROP TABLE s, t;
